/**
 * This file is generated by Jux. For more information on how to use this file, visit https://jux.io/docs
 */

export const core = {
  color: {
    brand_100: {
      $value: 'black',
    },
  },
  typography: {
    '12_bold': {
      $value: {
        fontSize: '12px',
        fontFamily: 'Inter',
        fontWeight: '700',
        lineHeight: '16px',
        letterSpacing: '',
      },
      $description: '',
    },
  },
};
