{
    "tokens": {
        "access_token": "123",
        "refresh_token": "123",
        "expires_at": 3807602239
    },
    "organizationId": 1
}