export const Button = () => <button>Button</button>;
